ERC report (2026-06-20T01:49:01, Encoding UTF8)
Report includes: Errors, Warnings

***** Sheet /
[footprint_link_issues]: La configuración actual no incluye la biblioteca de huellas 'TPS259621DDAT'
    ; warning
    @(6500 mils, 4300 mils): Symbol U1 [TPS259621DDAT]
[footprint_link_issues]: La configuración actual no incluye la biblioteca de huellas 'FS950R08A6P2BBPSA1'
    ; warning
    @(4200 mils, 3750 mils): Symbol U2 [FS950R08A6P2BBPSA1]
[footprint_link_issues]: La configuración actual no incluye la biblioteca de huellas 'FS950R08A6P2BBPSA1'
    ; warning
    @(4250 mils, 1900 mils): Symbol U2 [FS950R08A6P2BBPSA1]
[footprint_link_issues]: La configuración actual no incluye la biblioteca de huellas 'FS950R08A6P2BBPSA1'
    ; warning
    @(4250 mils, 5600 mils): Symbol U2 [FS950R08A6P2BBPSA1]
[lib_symbol_mismatch]: El símbolo 'UCC21750QDWRQ1' no coincide con la copia en la biblioteca 'Snapeda'
    ; warning
    @(5300 mils, 4400 mils): Symbol U34 [UCC21750QDWRQ1]
[footprint_link_issues]: La configuración actual no incluye la biblioteca de huellas ''
    ; warning
    @(5500 mils, 2150 mils): Symbol J2 [IHL0205D1509]
[lib_symbol_mismatch]: El símbolo 'AMC1300DWV' no coincide con la copia en la biblioteca 'Isolator_Analog'
    ; warning
    @(4200 mils, 3150 mils): Symbol U17 [AMC1300DWV]
[footprint_link_issues]: La configuración actual no incluye la biblioteca de huellas ''
    ; warning
    @(7800 mils, 3200 mils): Symbol U19 [ADR130BUJZ-REEL7]
[lib_symbol_mismatch]: El símbolo 'ADR130BUJZ-REEL7' no coincide con la copia en la biblioteca 'Snapeda'
    ; warning
    @(7800 mils, 3200 mils): Symbol U19 [ADR130BUJZ-REEL7]
[footprint_link_issues]: La configuración actual no incluye la biblioteca de huellas 'TES_1-1211'
    ; warning
    @(8900 mils, 1500 mils): Symbol PS1 [TES_1-1211]
[footprint_link_issues]: La configuración actual no incluye la biblioteca de huellas 'GT8E-5P-2H_55_'
    ; warning
    @(6450 mils, 3150 mils): Symbol J7 [GT8E-5P-2H_55_]
[lib_symbol_issues]: La configuración actual no incluye la biblioteca de símbolos 'FSAEMIO'
    ; warning
    @(6650 mils, 4000 mils): Symbol U9 [HAH3DR_600-S03/SP4]
[footprint_link_issues]: La configuración actual no incluye la biblioteca de huellas ''
    ; warning
    @(2350 mils, 5450 mils): Symbol U21 [F280049CPZS]
[lib_symbol_mismatch]: El símbolo 'F280049CPZS' no coincide con la copia en la biblioteca 'Snapeda'
    ; warning
    @(2350 mils, 5450 mils): Symbol U21 [F280049CPZS]
[footprint_link_issues]: La configuración actual no incluye la biblioteca de huellas ''
    ; warning
    @(3200 mils, 2200 mils): Symbol U21 [F280049CPZS]
[lib_symbol_mismatch]: El símbolo 'F280049CPZS' no coincide con la copia en la biblioteca 'Snapeda'
    ; warning
    @(3200 mils, 2200 mils): Symbol U21 [F280049CPZS]
[footprint_link_issues]: La configuración actual no incluye la biblioteca de huellas ''
    ; warning
    @(4500 mils, 6950 mils): Symbol U21 [F280049CPZS]
[lib_symbol_mismatch]: El símbolo 'F280049CPZS' no coincide con la copia en la biblioteca 'Snapeda'
    ; warning
    @(4500 mils, 6950 mils): Symbol U21 [F280049CPZS]
[footprint_link_issues]: La configuración actual no incluye la biblioteca de huellas ''
    ; warning
    @(8200 mils, 1000 mils): Symbol U30 [TPS3823-33DBVR]
[footprint_link_issues]: La configuración actual no incluye la biblioteca de huellas ''
    ; warning
    @(8200 mils, 2150 mils): Symbol U21 [F280049CPZS]
[lib_symbol_mismatch]: El símbolo 'F280049CPZS' no coincide con la copia en la biblioteca 'Snapeda'
    ; warning
    @(8200 mils, 2150 mils): Symbol U21 [F280049CPZS]
[footprint_link_issues]: La configuración actual no incluye la biblioteca de huellas ''
    ; warning
    @(9300 mils, 5050 mils): Symbol U21 [F280049CPZS]
[footprint_link_issues]: La configuración actual no incluye la biblioteca de huellas 'ABM8GAIG-20.000MHZ-8-7Z-T3'
    ; warning
    @(10300 mils, 3350 mils): Symbol Y1 [ABM8GAIG-20.000MHZ-8-7Z-T3]
[footprint_link_issues]: La configuración actual no incluye la biblioteca de huellas ''
    ; warning
    @(5300 mils, 3250 mils): Symbol U31 [LM25180QNGURQ1]
[footprint_link_issues]: La configuración actual no incluye la biblioteca de huellas 'TPS7A2050PDBVR'
    ; warning
    @(9450 mils, 3700 mils): Symbol U12 [TPS7A2050PDBVR]
[lib_symbol_mismatch]: El símbolo 'TPS7A2050PDBVR' no coincide con la copia en la biblioteca 'Snapeda'
    ; warning
    @(9450 mils, 3700 mils): Symbol U12 [TPS7A2050PDBVR]
[footprint_link_issues]: La configuración actual no incluye la biblioteca de huellas 'REF2033QDDCRQ1'
    ; warning
    @(9450 mils, 5250 mils): Symbol U4 [REF2033QDDCRQ1]
[unconnected_wire_endpoint]: Extremo de línea sin conectar
    ; warning
    @(10050 mils, 5400 mils): Vertical Wire, length 50 mils
[footprint_link_issues]: La configuración actual no incluye la biblioteca de huellas ''
    ; warning
    @(2950 mils, 2250 mils): Symbol U25 [SN65HVD82DR]
[footprint_link_issues]: La configuración actual no incluye la biblioteca de huellas ''
    ; warning
    @(3000 mils, 3650 mils): Symbol U24 [AM26LS32AIDR]
[footprint_link_issues]: La configuración actual no incluye la biblioteca de huellas ''
    ; warning
    @(3050 mils, 5300 mils): Symbol U26 [SN74LVC245ANSR]
[footprint_link_issues]: La configuración actual no incluye la biblioteca de huellas '20021521-00010T1LF'
    ; warning
    @(7250 mils, 2550 mils): Symbol J8 [20021521-00010T1LF]
[footprint_link_issues]: La configuración actual no incluye la biblioteca de huellas ''
    ; warning
    @(3100 mils, 3550 mils): Symbol U22 [TLV1704AQPWRQ1]
[footprint_link_issues]: La configuración actual no incluye la biblioteca de huellas ''
    ; warning
    @(3150 mils, 5900 mils): Symbol U23 [TLV1704AQPWRQ1]
[footprint_link_issues]: La configuración actual no incluye la biblioteca de huellas ''
    ; warning
    @(4050 mils, 2800 mils): Symbol U27 [ISO1042DWR]
[footprint_link_issues]: La configuración actual no incluye la biblioteca de huellas ''
    ; warning
    @(4100 mils, 5300 mils): Symbol U28 [ISO1042DWR]
[lib_symbol_mismatch]: El símbolo 'ISO1042DWR' no coincide con la copia en la biblioteca 'Snapeda'
    ; warning
    @(4100 mils, 5300 mils): Symbol U28 [ISO1042DWR]
[footprint_link_issues]: La configuración actual no incluye la biblioteca de huellas ''
    ; warning
    @(6200 mils, 2550 mils): Symbol J11 [430450414]
[footprint_link_issues]: La configuración actual no incluye la biblioteca de huellas ''
    ; warning
    @(6250 mils, 5050 mils): Symbol J10 [430450414]

***** Sheet /pcb_potencia/12V_Filtrada/

***** Sheet /pcb_potencia/Gate_Driver/

***** Sheet /pcb_potencia/Gate_Driver/GDsupply4/
[pin_to_pin]: Pines del tipo No especificado y Salida están conectados
    ; warning
    @(5300 mils, 4600 mils): Symbol U34 Pin 3 [COM, No especificado, Línea]
    @(5300 mils, 4700 mils): Symbol U34 Pin 4 [OUTH, Salida, Línea]
[pin_to_pin]: Pines del tipo No especificado y Pasivo están conectados
    ; warning
    @(5500 mils, 2450 mils): Symbol J2 Pin 6 [Common, No especificado, Línea]
    @(4850 mils, 4050 mils): Symbol C15 Pin 2 [Pasivo, Línea]
[pin_to_pin]: Pines del tipo No especificado y Entrada de alimentación están conectados
    ; warning
    @(7100 mils, 5100 mils): Symbol U34 Pin 9 [GND, No especificado, Línea]
    @(7200 mils, 5150 mils): Symbol #PWR054 Pin 1 [Entrada de alimentación, Línea]

***** Sheet /pcb_potencia/Gate_Driver/GDsupply3/
[pin_to_pin]: Pines del tipo No especificado y Salida están conectados
    ; warning
    @(5300 mils, 4600 mils): Symbol U34 Pin 3 [COM, No especificado, Línea]
    @(5300 mils, 4700 mils): Symbol U34 Pin 4 [OUTH, Salida, Línea]
[pin_to_pin]: Pines del tipo No especificado y Pasivo están conectados
    ; warning
    @(5500 mils, 2450 mils): Symbol J2 Pin 6 [Common, No especificado, Línea]
    @(4850 mils, 4050 mils): Symbol C15 Pin 2 [Pasivo, Línea]
[pin_to_pin]: Pines del tipo No especificado y Entrada de alimentación están conectados
    ; warning
    @(7100 mils, 5100 mils): Symbol U34 Pin 9 [GND, No especificado, Línea]
    @(7200 mils, 5150 mils): Symbol #PWR054 Pin 1 [Entrada de alimentación, Línea]

***** Sheet /pcb_potencia/Gate_Driver/GDsupply2/
[pin_to_pin]: Pines del tipo No especificado y Salida están conectados
    ; warning
    @(5300 mils, 4600 mils): Symbol U34 Pin 3 [COM, No especificado, Línea]
    @(5300 mils, 4700 mils): Symbol U34 Pin 4 [OUTH, Salida, Línea]
[pin_to_pin]: Pines del tipo No especificado y Pasivo están conectados
    ; warning
    @(5500 mils, 2450 mils): Symbol J2 Pin 6 [Common, No especificado, Línea]
    @(4850 mils, 4050 mils): Symbol C15 Pin 2 [Pasivo, Línea]
[pin_to_pin]: Pines del tipo No especificado y Entrada de alimentación están conectados
    ; warning
    @(7100 mils, 5100 mils): Symbol U34 Pin 9 [GND, No especificado, Línea]
    @(7200 mils, 5150 mils): Symbol #PWR054 Pin 1 [Entrada de alimentación, Línea]

***** Sheet /pcb_potencia/Gate_Driver/GDsupply1/
[pin_to_pin]: Pines del tipo No especificado y Salida están conectados
    ; warning
    @(5300 mils, 4600 mils): Symbol U34 Pin 3 [COM, No especificado, Línea]
    @(5300 mils, 4700 mils): Symbol U34 Pin 4 [OUTH, Salida, Línea]
[pin_to_pin]: Pines del tipo No especificado y Pasivo están conectados
    ; warning
    @(5500 mils, 2450 mils): Symbol J2 Pin 6 [Common, No especificado, Línea]
    @(4850 mils, 4050 mils): Symbol C15 Pin 2 [Pasivo, Línea]
[pin_to_pin]: Pines del tipo No especificado y Entrada de alimentación están conectados
    ; warning
    @(7100 mils, 5100 mils): Symbol U34 Pin 9 [GND, No especificado, Línea]
    @(7200 mils, 5150 mils): Symbol #PWR054 Pin 1 [Entrada de alimentación, Línea]

***** Sheet /pcb_potencia/Gate_Driver/GDsupply5/
[pin_to_pin]: Pines del tipo No especificado y Salida están conectados
    ; warning
    @(5300 mils, 4600 mils): Symbol U34 Pin 3 [COM, No especificado, Línea]
    @(5300 mils, 4700 mils): Symbol U34 Pin 4 [OUTH, Salida, Línea]
[pin_to_pin]: Pines del tipo No especificado y Pasivo están conectados
    ; warning
    @(5500 mils, 2450 mils): Symbol J2 Pin 6 [Common, No especificado, Línea]
    @(4850 mils, 4050 mils): Symbol C15 Pin 2 [Pasivo, Línea]
[pin_to_pin]: Pines del tipo No especificado y Entrada de alimentación están conectados
    ; warning
    @(7100 mils, 5100 mils): Symbol U34 Pin 9 [GND, No especificado, Línea]
    @(7200 mils, 5150 mils): Symbol #PWR054 Pin 1 [Entrada de alimentación, Línea]

***** Sheet /pcb_potencia/Gate_Driver/GDsupply/
[pin_to_pin]: Pines del tipo No especificado y Salida están conectados
    ; warning
    @(5300 mils, 4600 mils): Symbol U34 Pin 3 [COM, No especificado, Línea]
    @(5300 mils, 4700 mils): Symbol U34 Pin 4 [OUTH, Salida, Línea]
[pin_to_pin]: Pines del tipo No especificado y Pasivo están conectados
    ; warning
    @(5500 mils, 2450 mils): Symbol J2 Pin 6 [Common, No especificado, Línea]
    @(4850 mils, 4050 mils): Symbol C15 Pin 2 [Pasivo, Línea]
[pin_to_pin]: Pines del tipo No especificado y Entrada de alimentación están conectados
    ; warning
    @(7100 mils, 5100 mils): Symbol U34 Pin 9 [GND, No especificado, Línea]
    @(7200 mils, 5150 mils): Symbol #PWR054 Pin 1 [Entrada de alimentación, Línea]

***** Sheet /pcb_logica/F280049C/
[pin_to_pin]: Pines del tipo No especificado y Pasivo están conectados
    ; warning
    @(1200 mils, 1100 mils): Symbol U21 Pin 23 [A0_B15_C15_DACA_OUT, No especificado, Línea]
    @(1150 mils, 4000 mils): Symbol R143 Pin 1 [Pasivo, Línea]
[pin_to_pin]: Pines del tipo No especificado y Pasivo están conectados
    ; warning
    @(1200 mils, 1600 mils): Symbol U21 Pin 35 [A5, No especificado, Línea]
    @(6700 mils, 6350 mils): Symbol R170 Pin 1 [Pasivo, Línea]
[pin_to_pin]: Pines del tipo No especificado y Pasivo están conectados
    ; warning
    @(1200 mils, 2200 mils): Symbol U21 Pin 41 [B0, No especificado, Línea]
    @(6650 mils, 4000 mils): Symbol R150 Pin 1 [Pasivo, Línea]
[pin_to_pin]: Pines del tipo No especificado y Pasivo están conectados
    ; warning
    @(1200 mils, 2900 mils): Symbol U21 Pin 19 [C0, No especificado, Línea]
    @(1200 mils, 6350 mils): Symbol R157 Pin 1 [Pasivo, Línea]
[pin_to_pin]: Pines del tipo No especificado y No especificado están conectados
    ; warning
    @(5200 mils, 2100 mils): Symbol U21 Pin 14 [PGA1_GND, No especificado, Línea]
    @(5200 mils, 2200 mils): Symbol U21 Pin 15 [PGA3_GND, No especificado, Línea]
[pin_to_pin]: Pines del tipo No especificado y No especificado están conectados
    ; warning
    @(5200 mils, 2200 mils): Symbol U21 Pin 15 [PGA3_GND, No especificado, Línea]
    @(5200 mils, 2400 mils): Symbol U21 Pin 32 [PGA2_GND_PGA4_GND_PGA6_GND, No especificado, Línea]
[pin_to_pin]: Pines del tipo No especificado y No especificado están conectados
    ; warning
    @(5200 mils, 2300 mils): Symbol U21 Pin 13 [PGA5_GND, No especificado, Línea]
    @(5200 mils, 2200 mils): Symbol U21 Pin 15 [PGA3_GND, No especificado, Línea]
[pin_to_pin]: Pines del tipo No especificado y No especificado están conectados
    ; warning
    @(5200 mils, 2400 mils): Symbol U21 Pin 32 [PGA2_GND_PGA4_GND_PGA6_GND, No especificado, Línea]
    @(5200 mils, 2500 mils): Symbol U21 Pin 42 [PGA7_GND, No especificado, Línea]
[pin_to_pin]: Pines del tipo No especificado y Entrada de alimentación están conectados
    ; warning
    @(5200 mils, 2500 mils): Symbol U21 Pin 42 [PGA7_GND, No especificado, Línea]
    @(5350 mils, 2550 mils): Symbol #PWR0212 Pin 1 [Entrada de alimentación, Línea]
[pin_to_pin]: Pines del tipo No especificado y Pasivo están conectados
    ; warning
    @(5200 mils, 2800 mils): Symbol U21 Pin 25 [VREFHIA, No especificado, Línea]
    @(5350 mils, 2950 mils): Symbol C109 Pin 1 [Pasivo, Línea]
[pin_to_pin]: Pines del tipo No especificado y No especificado están conectados
    ; warning
    @(5200 mils, 2900 mils): Symbol U21 Pin 24 [VREFHIB_VREFHIC, No especificado, Línea]
    @(5200 mils, 2800 mils): Symbol U21 Pin 25 [VREFHIA, No especificado, Línea]
[pin_to_pin]: Pines del tipo No especificado y Pasivo están conectados
    ; warning
    @(5200 mils, 3200 mils): Symbol U21 Pin 27 [VREFLOA, No especificado, Línea]
    @(5350 mils, 3150 mils): Symbol C109 Pin 2 [Pasivo, Línea]
[pin_to_pin]: Pines del tipo No especificado y No especificado están conectados
    ; warning
    @(5200 mils, 3300 mils): Symbol U21 Pin 26 [VREFLOB_VREFLOC, No especificado, Línea]
    @(5200 mils, 3200 mils): Symbol U21 Pin 27 [VREFLOA, No especificado, Línea]
[pin_to_pin]: Pines del tipo No especificado y Colector abierto están conectados
    ; warning
    @(8200 mils, 1000 mils): Symbol U30 Pin 1 [*RESET, No especificado, Línea]
    @(7400 mils, 2250 mils): Symbol U21 Pin 2 [XRS_N, Colector abierto, Línea]
[pin_to_pin]: Pines del tipo No especificado y Pasivo están conectados
    ; warning
    @(9000 mils, 2050 mils): Symbol U21 Pin 49 [FLT1, No especificado, Línea]
    @(9050 mils, 2050 mils): Symbol R179 Pin 1 [Pasivo, Línea]
[pin_to_pin]: Pines del tipo No especificado y Pasivo están conectados
    ; warning
    @(9000 mils, 2250 mils): Symbol U21 Pin 48 [FLT2, No especificado, Línea]
    @(9050 mils, 2250 mils): Symbol R180 Pin 1 [Pasivo, Línea]
[pin_to_pin]: Pines del tipo No especificado y Bidireccional están conectados
    ; warning
    @(10600 mils, 1100 mils): Symbol U30 Pin 4 [WDI, No especificado, Línea]
    @(3800 mils, 7350 mils): Symbol U21 Pin 67 [GPIO58, Bidireccional, Línea]
[pin_to_pin]: Pines del tipo No especificado y Entrada de alimentación están conectados
    ; warning
    @(10600 mils, 1200 mils): Symbol U30 Pin 3 [*MR, No especificado, Línea]
    @(10600 mils, 1000 mils): Symbol U30 Pin 5 [VDD, Entrada de alimentación, Línea]

***** Sheet /pcb_potencia/Gate_Driver/SensorTension/
[pin_to_pin]: Pines del tipo No especificado y Salida están conectados
    ; warning
    @(10000 mils, 3300 mils): Symbol U19 Pin 5 [SET, No especificado, Línea]
    @(10000 mils, 3400 mils): Symbol U19 Pin 4 [VOUT, Salida, Línea]

***** Sheet /pcb_logica/LogicSupply/

***** Sheet /pcb_logica/SistemasProteccion/

***** Sheet /pcb_potencia/currentS/

***** Sheet /pcb_logica/comunicacionCAN/
[pin_to_pin]: Pines del tipo No especificado y Entrada de alimentación están conectados
    ; warning
    @(6200 mils, 2550 mils): Symbol J11 Pin 1 [1, No especificado, Línea]
    @(6200 mils, 2550 mils): Symbol #PWR0260 Pin 1 [Entrada de alimentación, Línea]
[pin_to_pin]: Pines del tipo No especificado y Pasivo están conectados
    ; warning
    @(6200 mils, 2650 mils): Symbol J11 Pin 2 [2, No especificado, Línea]
    @(5750 mils, 3200 mils): Symbol D58 Pin 2 [A2, Pasivo, Línea]
[pin_to_pin]: Pines del tipo No especificado y Pasivo están conectados
    ; warning
    @(6200 mils, 2750 mils): Symbol J11 Pin 3 [3, No especificado, Línea]
    @(5050 mils, 3200 mils): Symbol D58 Pin 1 [A1, Pasivo, Línea]
[pin_to_pin]: Pines del tipo No especificado y Entrada de alimentación están conectados
    ; warning
    @(6200 mils, 2850 mils): Symbol J11 Pin 4 [4, No especificado, Línea]
    @(6200 mils, 2850 mils): Symbol #PWR0259 Pin 1 [Entrada de alimentación, Línea]
[pin_to_pin]: Pines del tipo No especificado y Entrada de alimentación están conectados
    ; warning
    @(6250 mils, 5050 mils): Symbol J10 Pin 1 [1, No especificado, Línea]
    @(6250 mils, 5050 mils): Symbol #PWR0261 Pin 1 [Entrada de alimentación, Línea]
[pin_to_pin]: Pines del tipo No especificado y Pasivo están conectados
    ; warning
    @(6250 mils, 5150 mils): Symbol J10 Pin 2 [2, No especificado, Línea]
    @(5800 mils, 5700 mils): Symbol D59 Pin 2 [A2, Pasivo, Línea]
[pin_to_pin]: Pines del tipo No especificado y Pasivo están conectados
    ; warning
    @(6250 mils, 5250 mils): Symbol J10 Pin 3 [3, No especificado, Línea]
    @(5100 mils, 5700 mils): Symbol D59 Pin 1 [A1, Pasivo, Línea]
[pin_to_pin]: Pines del tipo No especificado y Entrada de alimentación están conectados
    ; warning
    @(6250 mils, 5350 mils): Symbol J10 Pin 4 [4, No especificado, Línea]
    @(6250 mils, 5350 mils): Symbol #PWR0262 Pin 1 [Entrada de alimentación, Línea]

***** Sheet /pcb_logica/conectores_externos/

***** Sheet /pcb_logica/encoder/
[pin_to_pin]: Pines del tipo No especificado y No especificado están conectados
    ; warning
    @(2950 mils, 2350 mils): Symbol U25 Pin 2 [*RE, No especificado, Línea]
    @(2950 mils, 2450 mils): Symbol U25 Pin 3 [DE, No especificado, Línea]
[pin_to_pin]: Pines del tipo No especificado y Pasivo están conectados
    ; warning
    @(2950 mils, 2450 mils): Symbol U25 Pin 3 [DE, No especificado, Línea]
    @(2800 mils, 2200 mils): Symbol R181 Pin 1 [Pasivo, Línea]
[pin_to_pin]: Pines del tipo No especificado y Entrada de alimentación están conectados
    ; warning
    @(3000 mils, 3950 mils): Symbol U24 Pin 4 [G, No especificado, Línea]
    @(2350 mils, 3900 mils): Symbol #PWR0167 Pin 1 [Entrada de alimentación, Línea]
[pin_to_pin]: Pines del tipo No especificado y Entrada de alimentación están conectados
    ; warning
    @(5200 mils, 4050 mils): Symbol U24 Pin 12 [*G, No especificado, Línea]
    @(5900 mils, 4050 mils): Symbol #PWR0165 Pin 1 [Entrada de alimentación, Línea]

***** Sheet /pcb_potencia/currentS/FiltroSensor/

***** Sheet /pcb_potencia/
[similar_labels]: Labels are similar (lower/upper case difference only)
    ; warning
    @(4750 mils, 3250 mils): Hierarchical Label 'Temp_PCB'
    @(8050 mils, 3250 mils): Hierarchical Label 'TEMP_PCB'
[multiple_net_names]: Tanto +12VA como 12V_De_Pote están conectados a los mismos elementos; se utilizará +12VA en el listado de redes
    ; warning
    @(7150 mils, 4800 mils): Symbol #PWR0228 Pin 1 [Entrada de alimentación, Línea]
    @(6600 mils, 4150 mils): Hierarchical Label '12V_De_Pote'
[multiple_net_names]: Tanto +5VA como 5V_De_Pote están conectados a los mismos elementos; se utilizará +5VA en el listado de redes
    ; warning
    @(6800 mils, 3850 mils): Symbol #PWR011 Pin 1 [Entrada de alimentación, Línea]
    @(6850 mils, 3850 mils): Hierarchical Label '5V_De_Pote'
[multiple_net_names]: Tanto GND1 como Tierra_De_Pote están conectados a los mismos elementos; se utilizará GND1 en el listado de redes
    ; warning
    @(7450 mils, 4150 mils): Symbol #PWR0155 Pin 1 [Entrada de alimentación, Línea]
    @(7500 mils, 4100 mils): Hierarchical Label 'Tierra_De_Pote'
[multiple_net_names]: Tanto +3.3VA como 3.3V_De_Pote están conectados a los mismos elementos; se utilizará +3.3VA en el listado de redes
    ; warning
    @(8150 mils, 4800 mils): Symbol #PWR0223 Pin 1 [Entrada de alimentación, Línea]
    @(7550 mils, 3850 mils): Hierarchical Label '3.3V_De_Pote'
[multiple_net_names]: Tanto +1VA5 como 1.5V_De_Pote están conectados a los mismos elementos; se utilizará +1VA5 en el listado de redes
    ; warning
    @(8700 mils, 4800 mils): Symbol #PWR0224 Pin 1 [Entrada de alimentación, Línea]
    @(8300 mils, 3850 mils): Hierarchical Label '1.5V_De_Pote'

***** Sheet /pcb_logica/
[similar_labels]: Labels are similar (lower/upper case difference only)
    ; warning
    @(1050 mils, 4700 mils): Label 'Mcu_reset'
    @(7750 mils, 2750 mils): Hierarchical Label 'Mcu_Reset'
[similar_labels]: Labels are similar (lower/upper case difference only)
    ; warning
    @(1550 mils, 3800 mils): Hierarchical Label 'Temp_PCB'
    @(8050 mils, 3250 mils): Hierarchical Label 'TEMP_PCB'
[similar_labels]: Labels are similar (lower/upper case difference only)
    ; warning
    @(5900 mils, 5750 mils): Label 'Mcu_reset'
    @(7750 mils, 2750 mils): Hierarchical Label 'Mcu_Reset'
[multiple_net_names]: Tanto +5V como 5V_De_Logic están conectados a los mismos elementos; se utilizará +5V en el listado de redes
    ; warning
    @(9400 mils, 2550 mils): Symbol #PWR0225 Pin 1 [Entrada de alimentación, Línea]
    @(8700 mils, 1550 mils): Hierarchical Label '5V_De_Logic'
[multiple_net_names]: Tanto +12V como 12V_De_Logic están conectados a los mismos elementos; se utilizará +12V en el listado de redes
    ; warning
    @(8650 mils, 1900 mils): Symbol #PWR0208 Pin 1 [Entrada de alimentación, Línea]
    @(8700 mils, 1900 mils): Hierarchical Label '12V_De_Logic'
[multiple_net_names]: Tanto +3.3V como 3.3V_De_Logic están conectados a los mismos elementos; se utilizará +3.3V en el listado de redes
    ; warning
    @(9350 mils, 1550 mils): Symbol #PWR0157 Pin 1 [Entrada de alimentación, Línea]
    @(9400 mils, 1550 mils): Hierarchical Label '3.3V_De_Logic'
[multiple_net_names]: Tanto GND como Tierra_De_Logic están conectados a los mismos elementos; se utilizará GND en el listado de redes
    ; warning
    @(9750 mils, 1900 mils): Symbol #PWR0209 Pin 1 [Entrada de alimentación, Línea]
    @(9800 mils, 1850 mils): Hierarchical Label 'Tierra_De_Logic'
[multiple_net_names]: Tanto +1V5 como 1.5V_De_Logic están conectados a los mismos elementos; se utilizará +1V5 en el listado de redes
    ; warning
    @(10100 mils, 1550 mils): Symbol #PWR0210 Pin 1 [Entrada de alimentación, Línea]
    @(10150 mils, 1550 mils): Hierarchical Label '1.5V_De_Logic'

 ** ERC messages: 102  Errors 0  Warnings 102

 ** Ignored checks:
    - Global label only appears once in the schematic
    - Four connection points are joined together
    - SPICE model issue
    - Assigned footprint doesn't match footprint filters
