** Drc report for Primero_esquematico.kicad_pcb **
** Created on 2026-09-30T20:27:55 **
** Report includes: Errors **

** Found 20 DRC violations **
[items_not_allowed]: Elementos no permitidos (área restringida 'Zona de reglas 2b')
    Rule: área restringida 'Zona de reglas 2b'; error
    @(113.6100 mm, 143.9300 mm): Footprint U20
[items_not_allowed]: Elementos no permitidos (área restringida 'Zona de reglas 1')
    Rule: área restringida 'Zona de reglas 1'; error
    @(173.5000 mm, 122.8500 mm): PTH pad D2 [<no net>] of U2
[items_not_allowed]: Elementos no permitidos (área restringida 'Zona de reglas 1')
    Rule: área restringida 'Zona de reglas 1'; error
    @(126.2000 mm, 122.8500 mm): PTH pad D3 [<no net>] of U2
[items_not_allowed]: Elementos no permitidos (área restringida 'Zona de reglas 1')
    Rule: área restringida 'Zona de reglas 1'; error
    @(75.6000 mm, 122.8500 mm): PTH pad D4 [<no net>] of U2
[items_not_allowed]: Elementos no permitidos (área restringida)
    Rule: área restringida; error
    @(75.6000 mm, 56.7500 mm): PTH pad D5 [<no net>] of U2
[items_not_allowed]: Elementos no permitidos (área restringida 'Zona de reglas 2b')
    Rule: área restringida 'Zona de reglas 2b'; error
    @(200.8500 mm, 130.8500 mm): Footprint U2
[shorting_items]: Elementos conectando dos redes (redes /pcb_logica/Tension_B y GND)
    Local override; error
    @(53.4000 mm, 104.5500 mm): Track [/pcb_logica/Tension_B] on In2.Cu, length 26.6000 mm
    @(53.6500 mm, 127.7000 mm): Via [GND] on F.Cu - B.Cu
[malformed_courtyard]: La huella tiene un patio mal formado (intersecta a sí mismo)
    Local override; error
    @(36.1758 mm, 36.2100 mm): Footprint Q1
[malformed_courtyard]: La huella tiene un patio mal formado (intersecta a sí mismo)
    Local override; error
    @(36.1758 mm, 36.2100 mm): Footprint Q1
[malformed_courtyard]: La huella tiene un patio mal formado (no es una forma cerrada)
    Local override; error
    @(36.1758 mm, 36.2100 mm): Footprint Q1
[malformed_courtyard]: La huella tiene un patio mal formado (no es una forma cerrada)
    Local override; error
    @(36.1758 mm, 36.2100 mm): Footprint Q1
[malformed_courtyard]: La huella tiene un patio mal formado (intersecta a sí mismo)
    Local override; error
    @(36.1758 mm, 36.2100 mm): Footprint Q1
[malformed_courtyard]: La huella tiene un patio mal formado (intersecta a sí mismo)
    Local override; error
    @(36.1758 mm, 36.2100 mm): Footprint Q1
[malformed_courtyard]: La huella tiene un patio mal formado (no es una forma cerrada)
    Local override; error
    @(52.3775 mm, 95.4500 mm): Footprint U18
[solder_mask_bridge]: La apertura de máscara de soldadura frontal puentea elementos de redes diferentes
    Rule: configuración de placa para ancho mínimo de máscara de soldadura; error
    @(48.3000 mm, 114.0000 mm): Pad 1 [/pcb_logica/ErrorDC] of U31 on F.Cu
    @(48.3000 mm, 114.6500 mm): Pad 2 [Net-(U31-1IN-)] of U31 on F.Cu
[solder_mask_bridge]: La apertura de máscara de soldadura frontal puentea elementos de redes diferentes
    Rule: configuración de placa para ancho mínimo de máscara de soldadura; error
    @(48.3000 mm, 114.6500 mm): Pad 2 [Net-(U31-1IN-)] of U31 on F.Cu
    @(48.3000 mm, 115.3000 mm): Pad 3 [Net-(U31-1IN+)] of U31 on F.Cu
[solder_mask_bridge]: La apertura de máscara de soldadura frontal puentea elementos de redes diferentes
    Rule: configuración de placa para ancho mínimo de máscara de soldadura; error
    @(48.3000 mm, 115.3000 mm): Pad 3 [Net-(U31-1IN+)] of U31 on F.Cu
    @(48.3000 mm, 115.9500 mm): Pad 4 [GND] of U31 on F.Cu
[solder_mask_bridge]: La apertura de máscara de soldadura frontal puentea elementos de redes diferentes
    Rule: configuración de placa para ancho mínimo de máscara de soldadura; error
    @(52.6000 mm, 115.9500 mm): Pad 5 [Net-(U31-1IN-)] of U31 on F.Cu
    @(52.6000 mm, 115.3000 mm): Pad 6 [Net-(U31-2IN-)] of U31 on F.Cu
[solder_mask_bridge]: La apertura de máscara de soldadura frontal puentea elementos de redes diferentes
    Rule: configuración de placa para ancho mínimo de máscara de soldadura; error
    @(52.6000 mm, 115.3000 mm): Pad 6 [Net-(U31-2IN-)] of U31 on F.Cu
    @(52.6000 mm, 114.6500 mm): Pad 7 [/pcb_logica/ErrorDC] of U31 on F.Cu
[solder_mask_bridge]: La apertura de máscara de soldadura frontal puentea elementos de redes diferentes
    Rule: configuración de placa para ancho mínimo de máscara de soldadura; error
    @(52.6000 mm, 114.6500 mm): Pad 7 [/pcb_logica/ErrorDC] of U31 on F.Cu
    @(52.6000 mm, 114.0000 mm): Pad 8 [+3.3V_analog_2] of U31 on F.Cu

** Found 14 unconnected pads **
[unconnected_items]: Missing connection between items
    Local override; error
    @(240.2250 mm, 171.5128 mm): Zone 'GND_placas_señal' [GND] on F.Cu and In2.Cu, priority 0
    @(44.7525 mm, 94.9500 mm): Pad 12 [GND] of U18 on F.Cu
[unconnected_items]: Missing connection between items
    Local override; error
    @(44.7525 mm, 94.9500 mm): Pad 12 [GND] of U18 on F.Cu
    @(44.7525 mm, 95.4500 mm): Pad 13 [GND] of U18 on F.Cu
[unconnected_items]: Missing connection between items
    Local override; error
    @(44.7525 mm, 95.4500 mm): Pad 13 [GND] of U18 on F.Cu
    @(44.7525 mm, 95.9500 mm): Pad 14 [GND] of U18 on F.Cu
[unconnected_items]: Missing connection between items
    Local override; error
    @(44.7525 mm, 95.9500 mm): Pad 14 [GND] of U18 on F.Cu
    @(44.7525 mm, 96.4500 mm): Pad 15 [GND] of U18 on F.Cu
[unconnected_items]: Missing connection between items
    Local override; error
    @(45.5500 mm, 28.5000 mm): Pad 2 [GND] of C1 on F.Cu
    @(240.2250 mm, 171.5128 mm): Zone 'GND_placas_señal' [GND] on F.Cu and In2.Cu, priority 0
[unconnected_items]: Missing connection between items
    Local override; error
    @(240.2250 mm, 171.5128 mm): Zone 'GND_placas_señal' [GND] on F.Cu and In2.Cu, priority 0
    @(46.0750 mm, 77.7500 mm): Pad 6 [GND] of U29 on F.Cu
[unconnected_items]: Missing connection between items
    Local override; error
    @(240.2250 mm, 171.5128 mm): Zone 'GND_placas_señal' [GND] on F.Cu and In2.Cu, priority 0
    @(239.0651 mm, 25.2330 mm): Zone 'GND_LV' [GND] on B.Cu, In1.Cu and In3.Cu, priority 7
[unconnected_items]: Missing connection between items
    Local override; error
    @(86.4500 mm, 111.8000 mm): Via [/pcb_potencia/Gate_Driver/GD_LS_3/+15V] on F.Cu - B.Cu
    @(85.2250 mm, 111.7750 mm): Via [/pcb_potencia/Gate_Driver/GD_LS_3/+15V] on F.Cu - B.Cu
[unconnected_items]: Missing connection between items
    Local override; error
    @(86.4500 mm, 111.8000 mm): Via [/pcb_potencia/Gate_Driver/GD_LS_3/+15V] on F.Cu - B.Cu
    @(83.9500 mm, 114.7250 mm): Zone 'Parche_LS_3' [/pcb_potencia/Gate_Driver/GD_LS_3/+15V] on F.Cu and In4.Cu, priority 38
[unconnected_items]: Missing connection between items
    Local override; error
    @(78.5000 mm, 111.0000 mm): Zone 'GND_GD_LS_3' [GNDPWR_3] on F.Cu, B.Cu and 4 more, priority 4
    @(78.5000 mm, 111.0000 mm): Zone 'GND_GD_LS_3' [GNDPWR_3] on F.Cu, B.Cu and 4 more, priority 4
[unconnected_items]: Missing connection between items
    Local override; error
    @(92.8350 mm, 113.6055 mm): Via [/pcb_potencia/Gate_Driver/GD_LS_3/-8V] on F.Cu - B.Cu
    @(92.8750 mm, 111.9750 mm): Track [/pcb_potencia/Gate_Driver/GD_LS_3/-8V] on In2.Cu, length 0.0354 mm
[unconnected_items]: Missing connection between items
    Local override; error
    @(118.0700 mm, 78.8700 mm): Pad 1 [/pcb_potencia/Gate_Driver/GD_HS_3/S_HV] of R54 on F.Cu
    @(117.9000 mm, 82.8000 mm): Track [/pcb_potencia/Gate_Driver/GD_HS_3/S_HV] on In2.Cu, length 4.0000 mm
[unconnected_items]: Missing connection between items
    Local override; error
    @(65.0400 mm, 134.3950 mm): Pad 1 [/pcb_logica/Tension_C] of C141 on F.Cu
    @(65.0400 mm, 133.4050 mm): Pad 2 [/pcb_logica/Tension_C] of R154 on F.Cu
[unconnected_items]: Missing connection between items
    Local override; error
    @(84.8600 mm, 59.2975 mm): Pad 1 [/pcb_potencia/Gate_Driver/VCC_DC_3] of D31 on F.Cu
    @(84.9000 mm, 61.0000 mm): PTH pad C5 [/pcb_potencia/Gate_Driver/VCC_DC_3] of U2

** Found 0 Footprint errors **

** Ignored checks **
    - Footprint has no courtyard defined
    - Track endpoint not centered on via
    - Tuning profile track geometries
    - Footprint doesn't match symbol's footprint filters
    - PTH inside courtyard
    - NPTH inside courtyard
    - Footprint component type doesn't match footprint pads

** End of Report **
