Removed Pin From Net: NetName=5V Pin=J1-1
Removed Pin From Net: NetName=12V Pin=J1-2
Removed Pin From Net: NetName=GND Pin=J2-1
Removed Pin From Net: NetName=PRES_SENSOR Pin=J2-2
Removed Pin From Net: NetName=CURR_SENSOR Pin=J3-1
Removed Pin From Net: NetName=GND Pin=J3-2
Removed Pin From Net: NetName=NC Pin=J5-1
Removed Pin From Net: NetName=NA Pin=J5-2
Removed Pin From Net: NetName=COM Pin=J5-3
Removed Member From Class: ClassName=Retencion y reset Member=J5
Change Component Footprint: Designator=J2 Old Footprint=BORNERA2 New Footprint=CONN04_34792_MOL
Change Component Footprint: Designator=J3 Old Footprint=BORNERA2 New Footprint=CONN04_34792_MOL
Change Component Footprint: Designator=J1 Old Footprint=BORNERA3 New Footprint=CONN04_34792_MOL
Change Component Comment : Designator=J2 Old Comment=Sensor1 input New Comment=Sensores
Change Component Comment : Designator=J3 Old Comment=Sensor2 input New Comment=Relay
Change component parameters: Designator = "J1" ("J1"); Footprint = "BORNERA3"; UniqueID = "\CWWLAVIP\QYANOAHZ" ("\CWWLAVIP\QYANOAHZ")
Change component parameters (AddParameter): Name = "Availability"; Value = "Unavailable"; VariantName = "[No Variations]"
Change component parameters (AddParameter): Name = "MF"; Value = ""; VariantName = "[No Variations]"
Change component parameters (AddParameter): Name = "MP"; Value = "347920040"; VariantName = "[No Variations]"
Change component parameters (AddParameter): Name = "Package"; Value = "None"; VariantName = "[No Variations]"
Change component parameters (AddParameter): Name = "Price"; Value = "None"; VariantName = "[No Variations]"
Change component parameters (AddParameter): Name = "Value"; Value = ""; VariantName = "[No Variations]"
Change component parameters: Designator = "J2" ("J2"); Footprint = "BORNERA2"; UniqueID = "\CWWLAVIP\IAAYNDTZ" ("\CWWLAVIP\IAAYNDTZ")
Change component parameters (AddParameter): Name = "Availability"; Value = "Unavailable"; VariantName = "[No Variations]"
Change component parameters (AddParameter): Name = "MF"; Value = ""; VariantName = "[No Variations]"
Change component parameters (AddParameter): Name = "MP"; Value = "347920040"; VariantName = "[No Variations]"
Change component parameters (AddParameter): Name = "Package"; Value = "None"; VariantName = "[No Variations]"
Change component parameters (AddParameter): Name = "Price"; Value = "None"; VariantName = "[No Variations]"
Change component parameters (AddParameter): Name = "Value"; Value = ""; VariantName = "[No Variations]"
Change component parameters: Designator = "J3" ("J3"); Footprint = "BORNERA2"; UniqueID = "\CWWLAVIP\ABVNHXQM" ("\CWWLAVIP\ABVNHXQM")
Change component parameters (AddParameter): Name = "Availability"; Value = "Unavailable"; VariantName = "[No Variations]"
Change component parameters (AddParameter): Name = "MF"; Value = ""; VariantName = "[No Variations]"
Change component parameters (AddParameter): Name = "MP"; Value = "347920040"; VariantName = "[No Variations]"
Change component parameters (AddParameter): Name = "Package"; Value = "None"; VariantName = "[No Variations]"
Change component parameters (AddParameter): Name = "Price"; Value = "None"; VariantName = "[No Variations]"
Change component parameters (AddParameter): Name = "Value"; Value = ""; VariantName = "[No Variations]"
Added Pin To Net: NetName=GND Pin=J1-4
Added Pin To Net: NetName=PRES_SENSOR Pin=J2-1
Added Pin To Net: NetName=CURR_SENSOR Pin=J2-2
Added Pin To Net: NetName=GND Pin=J2-3
Added Pin To Net: NetName=GND Pin=J2-4
Added Pin To Net: NetName=COM Pin=J3-1
Added Pin To Net: NetName=NA Pin=J3-2
Added Pin To Net: NetName=NC Pin=J3-3
Added Pin To Net: NetName=GND Pin=J3-4
Added Room: Name=Comparadores y protecciones
Added Room: Name=Retencion y reset
