Added Component: Designator=C1(CAP200)
Added Component: Designator=C2(CAP200)
Added Component: Designator=C3(CAP200)
Added Component: Designator=C4(CAP200)
Added Component: Designator=C5(CAP200)
Added Component: Designator=C6(CAP200)
Added Component: Designator=C7(CAP100RP)
Added Component: Designator=C8(CAP200)
Added Component: Designator=C9(CAP200)
Added Component: Designator=C10(CAP200)
Added Component: Designator=D1(LED 3 - Green)
Added Component: Designator=D2(LED 3 - Red)
Added Component: Designator=D3(DO41)
Added Component: Designator=J1(BORNERA3)
Added Component: Designator=J2(BORNERA2)
Added Component: Designator=J3(BORNERA2)
Added Component: Designator=J4(JUMPER2)
Added Component: Designator=R1(RES400)
Added Component: Designator=R2(RES400)
Added Component: Designator=R3(RES400)
Added Component: Designator=R4(RES400)
Added Component: Designator=R5(RES400)
Added Component: Designator=R6(RES400)
Added Component: Designator=R7(RES400)
Added Component: Designator=R8(RES400)
Added Component: Designator=R9(RES400)
Added Component: Designator=R10(PRESET V)
Added Component: Designator=R11(RES400)
Added Component: Designator=R12(PRESET V)
Added Component: Designator=R13(RES400)
Added Component: Designator=R14(RES400)
Added Component: Designator=R15(RES400)
Added Component: Designator=R16(PRESET V)
Added Component: Designator=R17(PRESET V)
Added Component: Designator=R18(RES400)
Added Component: Designator=R19(PRESET V)
Added Component: Designator=R20(RES400)
Added Component: Designator=R21(RES400)
Added Component: Designator=R22(RES400)
Added Component: Designator=R23(RES400)
Added Component: Designator=R24(PRESET V)
Added Component: Designator=R25(RES400)
Added Component: Designator=R26(PRESET V)
Added Component: Designator=R27(RES400)
Added Component: Designator=RELE1(RELE SERIE 943)
Added Component: Designator=S1(TACTSWITCH)
Added Component: Designator=T1(TO92)
Added Component: Designator=T2(TO92)
Added Component: Designator=U1(DIP14)
Add component (AddParameter): Name = "Autor"; Value = "SALERNO, Santiago"; VariantName = "[No Variations]"
Add component (AddParameter): Name = "datasheet"; Value = "https://cdn.datasheetspdf.com/pdf-down/7/4/H/74HC14-ONSemiconductor.pdf"; VariantName = "[No Variations]"
Add component (AddParameter): Name = "fecha"; Value = "10/05/2019"; VariantName = "[No Variations]"
Added Component: Designator=U2(DIP8)
Added Component: Designator=U3(DIP8)
Added Component: Designator=U4(DIP14)
Add component (AddParameter): Name = "Autor"; Value = "SALERNO, Santiago"; VariantName = "[No Variations]"
Add component (AddParameter): Name = "datasheet"; Value = "https://cdn.datasheetspdf.com/pdf-down/7/4/H/74HC14-ONSemiconductor.pdf"; VariantName = "[No Variations]"
Add component (AddParameter): Name = "fecha"; Value = "10/05/2019"; VariantName = "[No Variations]"
Added Component: Designator=U5(DIP8)
Added Component: Designator=U6(DIP14)
Add component (AddParameter): Name = "Autor"; Value = "SALERNO, Santiago"; VariantName = "[No Variations]"
Add component (AddParameter): Name = "datasheet"; Value = "https://cdn.datasheetspdf.com/pdf-down/7/4/H/74HC14-ONSemiconductor.pdf"; VariantName = "[No Variations]"
Add component (AddParameter): Name = "fecha"; Value = "10/05/2019"; VariantName = "[No Variations]"
Added Component: Designator=U7(DIP8)
Added Pin To Net: NetName=5V Pin=D3-2
Added Pin To Net: NetName=5V Pin=J1-1
Added Pin To Net: NetName=5V Pin=R1-2
Added Pin To Net: NetName=5V Pin=R4-2
Added Pin To Net: NetName=5V Pin=R7-2
Added Pin To Net: NetName=5V Pin=R8-2
Added Pin To Net: NetName=5V Pin=R9-1
Added Pin To Net: NetName=5V Pin=R10-1
Added Pin To Net: NetName=5V Pin=R11-1
Added Pin To Net: NetName=5V Pin=R12-1
Added Pin To Net: NetName=5V Pin=R13-1
Added Pin To Net: NetName=5V Pin=R14-2
Added Pin To Net: NetName=5V Pin=R15-2
Added Pin To Net: NetName=5V Pin=R16-1
Added Pin To Net: NetName=5V Pin=R17-1
Added Pin To Net: NetName=5V Pin=R18-1
Added Pin To Net: NetName=5V Pin=R19-1
Added Pin To Net: NetName=5V Pin=R20-2
Added Pin To Net: NetName=5V Pin=R22-2
Added Pin To Net: NetName=5V Pin=R23-1
Added Pin To Net: NetName=5V Pin=R24-1
Added Pin To Net: NetName=5V Pin=R25-2
Added Pin To Net: NetName=5V Pin=R26-1
Added Pin To Net: NetName=5V Pin=R27-1
Added Pin To Net: NetName=5V Pin=RELE1-B1
Added Pin To Net: NetName=5V Pin=S1-1
Added Pin To Net: NetName=5V Pin=S1-2
Added Pin To Net: NetName=5V Pin=U1-14
Added Pin To Net: NetName=5V Pin=U4-14
Added Pin To Net: NetName=5V Pin=U6-14
Added Net: Name=5V
Added Pin To Net: NetName=12V Pin=J1-2
Added Pin To Net: NetName=12V Pin=U2-8
Added Pin To Net: NetName=12V Pin=U3-8
Added Pin To Net: NetName=12V Pin=U5-8
Added Pin To Net: NetName=12V Pin=U7-8
Added Net: Name=12V
Added Pin To Net: NetName=COM Pin=RELE1-C1
Added Net: Name=COM
Added Pin To Net: NetName=CURR_SENSOR Pin=C5-1
Added Pin To Net: NetName=CURR_SENSOR Pin=C6-1
Added Pin To Net: NetName=CURR_SENSOR Pin=C8-1
Added Pin To Net: NetName=CURR_SENSOR Pin=J3-1
Added Pin To Net: NetName=CURR_SENSOR Pin=R13-2
Added Pin To Net: NetName=CURR_SENSOR Pin=R18-2
Added Pin To Net: NetName=CURR_SENSOR Pin=R23-2
Added Pin To Net: NetName=CURR_SENSOR Pin=U2-2
Added Pin To Net: NetName=CURR_SENSOR Pin=U3-3
Added Pin To Net: NetName=CURR_SENSOR Pin=U5-3
Added Net: Name=CURR_SENSOR
Added Pin To Net: NetName=GND Pin=C1-2
Added Pin To Net: NetName=GND Pin=C2-2
Added Pin To Net: NetName=GND Pin=C3-2
Added Pin To Net: NetName=GND Pin=C4-2
Added Pin To Net: NetName=GND Pin=C5-2
Added Pin To Net: NetName=GND Pin=C6-2
Added Pin To Net: NetName=GND Pin=C7-2
Added Pin To Net: NetName=GND Pin=C8-2
Added Pin To Net: NetName=GND Pin=C9-2
Added Pin To Net: NetName=GND Pin=C10-2
Added Pin To Net: NetName=GND Pin=J1-3
Added Pin To Net: NetName=GND Pin=J2-2
Added Pin To Net: NetName=GND Pin=J3-2
Added Pin To Net: NetName=GND Pin=R3-1
Added Pin To Net: NetName=GND Pin=R6-1
Added Pin To Net: NetName=GND Pin=R10-3
Added Pin To Net: NetName=GND Pin=R12-3
Added Pin To Net: NetName=GND Pin=R16-3
Added Pin To Net: NetName=GND Pin=R17-3
Added Pin To Net: NetName=GND Pin=R19-3
Added Pin To Net: NetName=GND Pin=R24-3
Added Pin To Net: NetName=GND Pin=R26-3
Added Pin To Net: NetName=GND Pin=T1-3
Added Pin To Net: NetName=GND Pin=T2-3
Added Pin To Net: NetName=GND Pin=U1-7
Added Pin To Net: NetName=GND Pin=U2-4
Added Pin To Net: NetName=GND Pin=U3-4
Added Pin To Net: NetName=GND Pin=U4-7
Added Pin To Net: NetName=GND Pin=U5-4
Added Pin To Net: NetName=GND Pin=U6-7
Added Pin To Net: NetName=GND Pin=U7-4
Added Net: Name=GND
Added Pin To Net: NetName=NA Pin=RELE1-NA1
Added Net: Name=NA
Added Pin To Net: NetName=NC Pin=RELE1-NC1
Added Net: Name=NC
Added Pin To Net: NetName=NetC1_1 Pin=C1-1
Added Pin To Net: NetName=NetC1_1 Pin=J4-1
Added Pin To Net: NetName=NetC1_1 Pin=R3-2
Added Pin To Net: NetName=NetC1_1 Pin=U1-1
Added Net: Name=NetC1_1
Added Pin To Net: NetName=NetC2_1 Pin=C2-1
Added Pin To Net: NetName=NetC2_1 Pin=R6-2
Added Pin To Net: NetName=NetC2_1 Pin=S1-3
Added Pin To Net: NetName=NetC2_1 Pin=S1-4
Added Pin To Net: NetName=NetC2_1 Pin=U1-5
Added Net: Name=NetC2_1
Added Pin To Net: NetName=NetC7_1 Pin=C7-1
Added Pin To Net: NetName=NetC7_1 Pin=R21-2
Added Pin To Net: NetName=NetC7_1 Pin=U5-6
Added Net: Name=NetC7_1
Added Pin To Net: NetName=NetC9_1 Pin=C9-1
Added Pin To Net: NetName=NetC9_1 Pin=R26-2
Added Pin To Net: NetName=NetC9_1 Pin=U7-2
Added Net: Name=NetC9_1
Added Pin To Net: NetName=NetD1_1 Pin=D1-1
Added Pin To Net: NetName=NetD1_1 Pin=R1-1
Added Net: Name=NetD1_1
Added Pin To Net: NetName=NetD1_2 Pin=D1-2
Added Pin To Net: NetName=NetD1_2 Pin=T1-2
Added Net: Name=NetD1_2
Added Pin To Net: NetName=NetD2_1 Pin=D2-1
Added Pin To Net: NetName=NetD2_1 Pin=R4-1
Added Net: Name=NetD2_1
Added Pin To Net: NetName=NetD2_2 Pin=D2-2
Added Pin To Net: NetName=NetD2_2 Pin=D3-1
Added Pin To Net: NetName=NetD2_2 Pin=RELE1-B2
Added Pin To Net: NetName=NetD2_2 Pin=T2-2
Added Net: Name=NetD2_2
Added Pin To Net: NetName=NetJ4_2 Pin=J4-2
Added Pin To Net: NetName=NetJ4_2 Pin=U4-3
Added Net: Name=NetJ4_2
Added Pin To Net: NetName=NetR2_1 Pin=R2-1
Added Pin To Net: NetName=NetR2_1 Pin=U1-3
Added Pin To Net: NetName=NetR2_1 Pin=U1-4
Added Net: Name=NetR2_1
Added Pin To Net: NetName=NetR2_2 Pin=R2-2
Added Pin To Net: NetName=NetR2_2 Pin=T1-1
Added Net: Name=NetR2_2
Added Pin To Net: NetName=NetR5_1 Pin=R5-1
Added Pin To Net: NetName=NetR5_1 Pin=U1-2
Added Pin To Net: NetName=NetR5_1 Pin=U1-6
Added Net: Name=NetR5_1
Added Pin To Net: NetName=NetR5_2 Pin=R5-2
Added Pin To Net: NetName=NetR5_2 Pin=T2-1
Added Net: Name=NetR5_2
Added Pin To Net: NetName=NetR7_1 Pin=R7-1
Added Pin To Net: NetName=NetR7_1 Pin=U2-7
Added Pin To Net: NetName=NetR7_1 Pin=U4-9
Added Net: Name=NetR7_1
Added Pin To Net: NetName=NetR8_1 Pin=R8-1
Added Pin To Net: NetName=NetR8_1 Pin=U3-7
Added Pin To Net: NetName=NetR8_1 Pin=U4-12
Added Net: Name=NetR8_1
Added Pin To Net: NetName=NetR14_1 Pin=R14-1
Added Pin To Net: NetName=NetR14_1 Pin=U2-1
Added Pin To Net: NetName=NetR14_1 Pin=U4-13
Added Net: Name=NetR14_1
Added Pin To Net: NetName=NetR15_1 Pin=R15-1
Added Pin To Net: NetName=NetR15_1 Pin=U3-1
Added Pin To Net: NetName=NetR15_1 Pin=U4-10
Added Net: Name=NetR15_1
Added Pin To Net: NetName=NetR19_2 Pin=R19-2
Added Pin To Net: NetName=NetR19_2 Pin=U5-2
Added Net: Name=NetR19_2
Added Pin To Net: NetName=NetR20_1 Pin=R20-1
Added Pin To Net: NetName=NetR20_1 Pin=U5-1
Added Pin To Net: NetName=NetR20_1 Pin=U6-1
Added Net: Name=NetR20_1
Added Pin To Net: NetName=NetR21_1 Pin=R21-1
Added Pin To Net: NetName=NetR21_1 Pin=U6-3
Added Net: Name=NetR21_1
Added Pin To Net: NetName=NetR22_1 Pin=R22-1
Added Pin To Net: NetName=NetR22_1 Pin=U4-2
Added Pin To Net: NetName=NetR22_1 Pin=U5-7
Added Net: Name=NetR22_1
Added Pin To Net: NetName=NetR24_2 Pin=R24-2
Added Pin To Net: NetName=NetR24_2 Pin=U5-5
Added Net: Name=NetR24_2
Added Pin To Net: NetName=NetR25_1 Pin=R25-1
Added Pin To Net: NetName=NetR25_1 Pin=U6-2
Added Pin To Net: NetName=NetR25_1 Pin=U7-1
Added Net: Name=NetR25_1
Added Pin To Net: NetName=open_circuit_fail Pin=U4-5
Added Pin To Net: NetName=open_circuit_fail Pin=U4-11
Added Net: Name=open_circuit_fail
Added Pin To Net: NetName=PRES_SENSOR Pin=C3-1
Added Pin To Net: NetName=PRES_SENSOR Pin=C4-1
Added Pin To Net: NetName=PRES_SENSOR Pin=C10-1
Added Pin To Net: NetName=PRES_SENSOR Pin=J2-1
Added Pin To Net: NetName=PRES_SENSOR Pin=R9-2
Added Pin To Net: NetName=PRES_SENSOR Pin=R11-2
Added Pin To Net: NetName=PRES_SENSOR Pin=R27-2
Added Pin To Net: NetName=PRES_SENSOR Pin=U2-5
Added Pin To Net: NetName=PRES_SENSOR Pin=U3-6
Added Pin To Net: NetName=PRES_SENSOR Pin=U7-3
Added Net: Name=PRES_SENSOR
Added Pin To Net: NetName=sensor_failure Pin=U4-1
Added Pin To Net: NetName=sensor_failure Pin=U4-6
Added Net: Name=sensor_failure
Added Pin To Net: NetName=short_circuit_fail Pin=U4-4
Added Pin To Net: NetName=short_circuit_fail Pin=U4-8
Added Net: Name=short_circuit_fail
Added Pin To Net: NetName=VREF3 Pin=R10-2
Added Pin To Net: NetName=VREF3 Pin=U2-6
Added Net: Name=VREF3
Added Pin To Net: NetName=VREF4 Pin=R16-2
Added Pin To Net: NetName=VREF4 Pin=U3-2
Added Net: Name=VREF4
Added Pin To Net: NetName=VREF5 Pin=R12-2
Added Pin To Net: NetName=VREF5 Pin=U3-5
Added Net: Name=VREF5
Added Pin To Net: NetName=VREF6 Pin=R17-2
Added Pin To Net: NetName=VREF6 Pin=U2-3
Added Net: Name=VREF6
Added Class: Name=Comparadores y protecciones
Added Class: Name=Retencion y reset
Added Room: Name=Comparadores y protecciones
Added Room: Name=Retencion y reset
