Change Component Designator: OldDesignator=J? NewDesignator=J5
Added Component: Designator=C11(CAP200)
Added Component: Designator=C12(CAP200)
Added Component: Designator=C13(CAP200)
Added Component: Designator=C14(CAP200)
Added Component: Designator=C15(CAP200)
Added Component: Designator=C16(CAP200)
Added Component: Designator=C17(CAP200)
Added Pin To Net: NetName=12V Pin=C11-1
Added Pin To Net: NetName=GND Pin=C11-2
Added Pin To Net: NetName=12V Pin=C12-1
Added Pin To Net: NetName=GND Pin=C12-2
Added Pin To Net: NetName=12V Pin=C13-1
Added Pin To Net: NetName=GND Pin=C13-2
Added Pin To Net: NetName=5V Pin=C14-1
Added Pin To Net: NetName=GND Pin=C14-2
Added Pin To Net: NetName=5V Pin=C15-1
Added Pin To Net: NetName=GND Pin=C15-2
Added Pin To Net: NetName=12V Pin=C16-1
Added Pin To Net: NetName=GND Pin=C16-2
Added Pin To Net: NetName=5V Pin=C17-1
Added Pin To Net: NetName=GND Pin=C17-2
Added Member To Class: ClassName=Comparadores y protecciones Member=Component C11 100nF
Added Member To Class: ClassName=Comparadores y protecciones Member=Component C12 100nF
Added Member To Class: ClassName=Comparadores y protecciones Member=Component C13 100nF
Added Member To Class: ClassName=Comparadores y protecciones Member=Component C14 100nF
Added Member To Class: ClassName=Comparadores y protecciones Member=Component C15 100nF
Added Member To Class: ClassName=Comparadores y protecciones Member=Component C16 100nF
Added Member To Class: ClassName=Retencion y reset Member=Component C17 100nF
